
Memory Configuration

Name             Origin             Length             Attributes
*default*        0x0000000000000000 0xffffffffffffffff

Linker script and memory map

                0x000000000000004c                . = (SIZEOF_HEADERS + 0xc)
LOAD tmp/arm64-linux.elf-fold.o
LOAD tmp/arm64-expand.o
LOAD tmp/arm64-linux.elf-main2.o
OUTPUT(tmp/arm64-linux.elf-fold.bin elf64-littleaarch64)

.text           0x0000000000000000      0xaa0
 .text          0x0000000000000000      0x248 tmp/arm64-linux.elf-fold.o
                0x0000000000000008                get_page_mask
                0x0000000000000018                mmap_privanon
                0x0000000000000028                mmap
                0x0000000000000044                Pprotect
                0x0000000000000044                mprotect
 .text          0x0000000000000248        0x0 tmp/arm64-expand.o
 .text          0x0000000000000248      0x858 tmp/arm64-linux.elf-main2.o
                0x00000000000008fc                underlay
                0x0000000000000968                upx_main

.data           0x0000000000000000        0x0
 .data          0x0000000000000000        0x0 tmp/arm64-linux.elf-fold.o
 .data          0x0000000000000000        0x0 tmp/arm64-expand.o
 .data          0x0000000000000000        0x0 tmp/arm64-linux.elf-main2.o

.bss            0x0000000000000000        0x0
 .bss           0x0000000000000000        0x0 tmp/arm64-linux.elf-fold.o
 .bss           0x0000000000000000        0x0 tmp/arm64-expand.o
 .bss           0x0000000000000000        0x0 tmp/arm64-linux.elf-main2.o

SYSCALLS        0x0000000000000000      0x110
 SYSCALLS       0x0000000000000000      0x110 tmp/arm64-linux.elf-fold.o
                0x0000000000000000                my_bkpt
                0x0000000000000008                exit
                0x0000000000000010                read
                0x000000000000001c                write
                0x0000000000000028                close
                0x0000000000000034                getpid
                0x0000000000000040                brk
                0x000000000000004c                munmap
                0x000000000000005c                upxfd_create
                0x0000000000000094                ftruncate
                0x00000000000000a0                unlink
                0x00000000000000b4                readlink
                0x00000000000000bc                open
                0x00000000000000d8                __clear_cache
                0x00000000000000ec                memcpy
                0x0000000000000100                memset

EXP_HEAD        0x0000000000000000      0x104
 EXP_HEAD       0x0000000000000000      0x104 tmp/arm64-expand.o
                0x0000000000000000                f_expand

EXP_TAIL        0x0000000000000000       0x50
 EXP_TAIL       0x0000000000000000       0x50 tmp/arm64-expand.o
                0x000000000000000c                eof
                0x0000000000000044                eof_lzma

NRV2E           0x0000000000000000       0xf4
 NRV2E          0x0000000000000000       0xf4 tmp/arm64-expand.o
                0x0000000000000000                ucl_nrv2e_decompress_32

NRV2D           0x0000000000000000       0xe8
 NRV2D          0x0000000000000000       0xe8 tmp/arm64-expand.o
                0x0000000000000000                ucl_nrv2d_decompress_32

NRV2B           0x0000000000000000       0xbc
 NRV2B          0x0000000000000000       0xbc tmp/arm64-expand.o
                0x0000000000000000                ucl_nrv2b_decompress_32

LZMA_ELF00      0x0000000000000000       0x8c
 LZMA_ELF00     0x0000000000000000       0x8c tmp/arm64-expand.o

LZMA_DEC20      0x0000000000000000      0x968
 LZMA_DEC20     0x0000000000000000      0x968 tmp/arm64-expand.o

LZMA_DEC10      0x0000000000000000      0x4a0
 LZMA_DEC10     0x0000000000000000      0x4a0 tmp/arm64-expand.o
                0x0000000000000000                LzmaDecode

LZMA_DEC30      0x0000000000000000        0x0
 LZMA_DEC30     0x0000000000000000        0x0 tmp/arm64-expand.o
